{"timestamp":"2026-06-24 22:52:32","ip":"::1","post_keys":["hak_akses","csrf_token","kode_sekolah","username","password"],"username":"199303012022211013","password_length":5,"hak_akses":"auto"}
{"msg":"admin_check","username":"199303012022211013","admin_found":false,"admin_password_hash":"N\/A"}
{"msg":"guru_check","username":"199303012022211013","guru_found":true,"guru_password_hash":"827ccb0eea8a706c4c34","guru_status":"N\/A","password_verify_result":true,"password_empty_check":false}
{"msg":"guru_login_success","username":"199303012022211013"}
{"timestamp":"2026-06-24 22:52:54","ip":"::1","post_keys":["hak_akses","csrf_token","kode_sekolah","username","password"],"username":"197707012022211004","password_length":5,"hak_akses":"auto"}
{"msg":"admin_check","username":"197707012022211004","admin_found":false,"admin_password_hash":"N\/A"}
{"msg":"guru_check","username":"197707012022211004","guru_found":true,"guru_password_hash":"827ccb0eea8a706c4c34","guru_status":"N\/A","password_verify_result":true,"password_empty_check":false}
{"msg":"guru_login_success","username":"197707012022211004"}
{"timestamp":"2026-06-24 23:13:31","ip":"::1","post_keys":["hak_akses","csrf_token","kode_sekolah","username","password"],"username":"5607","password_length":4,"hak_akses":"auto"}
{"msg":"admin_check","username":"5607","admin_found":false,"admin_password_hash":"N\/A"}
[login_action] get_guru_user: No user found for 5607 with status Aktif (Query: SELECT g.no_induk, g.nama_guru, g.status_kepegawaian, p.password , g.id_sekolah , COALESCE(sk.kode_sekolah, 'DEFAULT') AS kode_sekolah
			FROM tbl_guru g 
			JOIN tbl_pengguna p ON g.no_induk = p.no_induk 
			 LEFT JOIN tbl_sekolah sk ON sk.id_sekolah=g.id_sekolah
			WHERE p.no_induk = '5607' AND g.status = 'Aktif' AND g.id_sekolah=1 LIMIT 1)
{"msg":"guru_check","username":"5607","guru_found":false,"guru_password_hash":"N\/A","guru_status":"N\/A"}
{"msg":"siswa_check","username":"5607","siswa_found":true,"siswa_password_hash":"96bf57c6ff19504ff145","siswa_status":"N\/A","password_verify_result":true}
{"msg":"siswa_login_success","username":"5607"}
[koneksi_local.php] Connection failed: The requested address is not valid in its context (Tried hosts: 127.0.0.1, localhost, ::1, User: root, DB: sijurnal, Port: 3306)
[koneksi_local.php] Connection failed: The requested address is not valid in its context (Tried hosts: 127.0.0.1, localhost, ::1, User: root, DB: sijurnal, Port: 3306)
[koneksi_local.php] Connection failed: The requested address is not valid in its context (Tried hosts: 127.0.0.1, localhost, ::1, User: root, DB: sijurnal, Port: 3306)
{"timestamp":"2026-06-24 23:27:43","ip":"::1","post_keys":["hak_akses","csrf_token","kode_sekolah","username","password"],"username":"05612","password_length":5,"hak_akses":"auto"}
{"error":"database_unavailable","timestamp":"2026-06-24 23:27:43","username":"05612","mysqli_loaded":false}
{"timestamp":"2026-06-24 23:29:42","ip":"::1","post_keys":["hak_akses","csrf_token","kode_sekolah","username","password"],"username":"05612","password_length":5,"hak_akses":"auto"}
{"msg":"admin_check","username":"05612","admin_found":false,"admin_password_hash":"N\/A"}
[login_action] get_guru_user: No user found for 05612 with status Aktif (Query: SELECT g.no_induk, g.nama_guru, g.status_kepegawaian, p.password , g.id_sekolah , COALESCE(sk.kode_sekolah, 'DEFAULT') AS kode_sekolah
			FROM tbl_guru g 
			JOIN tbl_pengguna p ON g.no_induk = p.no_induk 
			 LEFT JOIN tbl_sekolah sk ON sk.id_sekolah=g.id_sekolah
			WHERE p.no_induk = '05612' AND g.status = 'Aktif' AND g.id_sekolah=1 LIMIT 1)
{"msg":"guru_check","username":"05612","guru_found":false,"guru_password_hash":"N\/A","guru_status":"N\/A"}
{"msg":"siswa_check","username":"05612","siswa_found":true,"siswa_password_hash":"4f777e00945ef4ec1675","siswa_status":"N\/A","password_verify_result":true}
{"msg":"siswa_login_success","username":"05612"}
{"timestamp":"2026-06-24 23:34:38","ip":"::1","post_keys":["hak_akses","csrf_token","kode_sekolah","username","password"],"username":"5607","password_length":4,"hak_akses":"auto"}
{"msg":"admin_check","username":"5607","admin_found":false,"admin_password_hash":"N\/A"}
[login_action] get_guru_user: No user found for 5607 with status Aktif (Query: SELECT g.no_induk, g.nama_guru, g.status_kepegawaian, p.password , g.id_sekolah , COALESCE(sk.kode_sekolah, 'DEFAULT') AS kode_sekolah
			FROM tbl_guru g 
			JOIN tbl_pengguna p ON g.no_induk = p.no_induk 
			 LEFT JOIN tbl_sekolah sk ON sk.id_sekolah=g.id_sekolah
			WHERE p.no_induk = '5607' AND g.status = 'Aktif' AND g.id_sekolah=1 LIMIT 1)
{"msg":"guru_check","username":"5607","guru_found":false,"guru_password_hash":"N\/A","guru_status":"N\/A"}
{"msg":"siswa_check","username":"5607","siswa_found":true,"siswa_password_hash":"96bf57c6ff19504ff145","siswa_status":"N\/A","password_verify_result":true}
{"msg":"siswa_login_success","username":"5607"}
{"timestamp":"2026-06-24 23:36:32","ip":"::1","post_keys":["hak_akses","csrf_token","kode_sekolah","username","password"],"username":"198608162024212018","password_length":5,"hak_akses":"auto"}
{"msg":"admin_check","username":"198608162024212018","admin_found":false,"admin_password_hash":"N\/A"}
{"msg":"guru_check","username":"198608162024212018","guru_found":true,"guru_password_hash":"827ccb0eea8a706c4c34","guru_status":"N\/A","password_verify_result":true,"password_empty_check":false}
{"msg":"guru_login_success","username":"198608162024212018"}
{"timestamp":"2026-06-24 23:36:45","ip":"::1","post_keys":["hak_akses","csrf_token","kode_sekolah","username","password"],"username":"admin","password_length":5,"hak_akses":"auto"}
{"msg":"admin_check","username":"admin","admin_found":true,"admin_password_hash":"827ccb0eea8a706c4c34","password_verify_result":true}
{"msg":"admin_login_success","username":"admin"}
{"timestamp":"2026-06-24 23:37:13","ip":"::1","post_keys":["hak_akses","csrf_token","kode_sekolah","username","password"],"username":"197707012022211004","password_length":5,"hak_akses":"auto"}
{"msg":"admin_check","username":"197707012022211004","admin_found":false,"admin_password_hash":"N\/A"}
{"msg":"guru_check","username":"197707012022211004","guru_found":true,"guru_password_hash":"827ccb0eea8a706c4c34","guru_status":"N\/A","password_verify_result":true,"password_empty_check":false}
{"msg":"guru_login_success","username":"197707012022211004"}
{"timestamp":"2026-06-24 23:37:36","ip":"::1","post_keys":["hak_akses","csrf_token","kode_sekolah","username","password"],"username":"199303012022211013","password_length":5,"hak_akses":"auto"}
{"msg":"admin_check","username":"199303012022211013","admin_found":false,"admin_password_hash":"N\/A"}
{"msg":"guru_check","username":"199303012022211013","guru_found":true,"guru_password_hash":"827ccb0eea8a706c4c34","guru_status":"N\/A","password_verify_result":true,"password_empty_check":false}
{"msg":"guru_login_success","username":"199303012022211013"}
{"timestamp":"2026-06-24 23:46:50","ip":"::1","post_keys":["hak_akses","csrf_token","kode_sekolah","username","password"],"username":"05612","password_length":5,"hak_akses":"auto"}
{"msg":"admin_check","username":"05612","admin_found":false,"admin_password_hash":"N\/A"}
[login_action] get_guru_user: No user found for 05612 with status Aktif (Query: SELECT g.no_induk, g.nama_guru, g.status_kepegawaian, p.password , g.id_sekolah , COALESCE(sk.kode_sekolah, 'DEFAULT') AS kode_sekolah
			FROM tbl_guru g 
			JOIN tbl_pengguna p ON g.no_induk = p.no_induk 
			 LEFT JOIN tbl_sekolah sk ON sk.id_sekolah=g.id_sekolah
			WHERE p.no_induk = '05612' AND g.status = 'Aktif' AND g.id_sekolah=1 LIMIT 1)
{"msg":"guru_check","username":"05612","guru_found":false,"guru_password_hash":"N\/A","guru_status":"N\/A"}
{"msg":"siswa_check","username":"05612","siswa_found":true,"siswa_password_hash":"4f777e00945ef4ec1675","siswa_status":"N\/A","password_verify_result":true}
{"msg":"siswa_login_success","username":"05612"}
{"timestamp":"2026-06-24 23:47:27","ip":"::1","post_keys":["hak_akses","csrf_token","kode_sekolah","username","password"],"username":"5607","password_length":4,"hak_akses":"auto"}
{"msg":"admin_check","username":"5607","admin_found":false,"admin_password_hash":"N\/A"}
[login_action] get_guru_user: No user found for 5607 with status Aktif (Query: SELECT g.no_induk, g.nama_guru, g.status_kepegawaian, p.password , g.id_sekolah , COALESCE(sk.kode_sekolah, 'DEFAULT') AS kode_sekolah
			FROM tbl_guru g 
			JOIN tbl_pengguna p ON g.no_induk = p.no_induk 
			 LEFT JOIN tbl_sekolah sk ON sk.id_sekolah=g.id_sekolah
			WHERE p.no_induk = '5607' AND g.status = 'Aktif' AND g.id_sekolah=1 LIMIT 1)
{"msg":"guru_check","username":"5607","guru_found":false,"guru_password_hash":"N\/A","guru_status":"N\/A"}
{"msg":"siswa_check","username":"5607","siswa_found":true,"siswa_password_hash":"96bf57c6ff19504ff145","siswa_status":"N\/A","password_verify_result":true}
{"msg":"siswa_login_success","username":"5607"}
{"timestamp":"2026-06-24 23:47:57","ip":"::1","post_keys":["hak_akses","csrf_token","kode_sekolah","username","password"],"username":"198608162024212018","password_length":5,"hak_akses":"auto"}
{"msg":"admin_check","username":"198608162024212018","admin_found":false,"admin_password_hash":"N\/A"}
{"msg":"guru_check","username":"198608162024212018","guru_found":true,"guru_password_hash":"827ccb0eea8a706c4c34","guru_status":"N\/A","password_verify_result":true,"password_empty_check":false}
{"msg":"guru_login_success","username":"198608162024212018"}
{"timestamp":"2026-06-24 23:47:57","ip":"::1","post_keys":["hak_akses","csrf_token","kode_sekolah","username","password"],"username":"198608162024212018","password_length":5,"hak_akses":"auto"}
{"msg":"admin_check","username":"198608162024212018","admin_found":false,"admin_password_hash":"N\/A"}
{"msg":"guru_check","username":"198608162024212018","guru_found":true,"guru_password_hash":"827ccb0eea8a706c4c34","guru_status":"N\/A","password_verify_result":true,"password_empty_check":false}
{"msg":"guru_login_success","username":"198608162024212018"}
{"timestamp":"2026-06-24 23:48:06","ip":"::1","post_keys":["hak_akses","csrf_token","kode_sekolah","username","password"],"username":"199303012022211013","password_length":5,"hak_akses":"auto"}
{"msg":"admin_check","username":"199303012022211013","admin_found":false,"admin_password_hash":"N\/A"}
{"msg":"guru_check","username":"199303012022211013","guru_found":true,"guru_password_hash":"827ccb0eea8a706c4c34","guru_status":"N\/A","password_verify_result":true,"password_empty_check":false}
{"msg":"guru_login_success","username":"199303012022211013"}
{"timestamp":"2026-06-24 23:48:14","ip":"::1","post_keys":["hak_akses","csrf_token","kode_sekolah","username","password"],"username":"admin","password_length":5,"hak_akses":"auto"}
{"error":"csrf_mismatch","timestamp":"2026-06-24 23:48:14","session_token":"NOT_SET","post_token":"4eeb3f11f37bfbde1e64dc6d54e4881810b230d92642b0b0e4715486dad0f762"}
{"timestamp":"2026-06-24 23:48:17","ip":"::1","post_keys":["hak_akses","csrf_token","kode_sekolah","username","password"],"username":"admin","password_length":5,"hak_akses":"auto"}
{"error":"database_unavailable","timestamp":"2026-06-24 23:48:17","username":"admin","mysqli_loaded":false}
{"timestamp":"2026-06-24 23:48:19","ip":"::1","post_keys":["hak_akses","csrf_token","kode_sekolah","username","password"],"username":"admin","password_length":5,"hak_akses":"auto"}
{"error":"database_unavailable","timestamp":"2026-06-24 23:48:19","username":"admin","mysqli_loaded":false}
{"timestamp":"2026-06-24 23:48:20","ip":"::1","post_keys":["hak_akses","csrf_token","kode_sekolah","username","password"],"username":"admin","password_length":5,"hak_akses":"auto"}
{"error":"database_unavailable","timestamp":"2026-06-24 23:48:20","username":"admin","mysqli_loaded":false}
{"timestamp":"2026-06-24 23:48:28","ip":"::1","post_keys":["hak_akses","csrf_token","kode_sekolah","username","password"],"username":"admin","password_length":5,"hak_akses":"auto"}
{"error":"database_unavailable","timestamp":"2026-06-24 23:48:28","username":"admin","mysqli_loaded":false}
{"timestamp":"2026-06-24 23:54:27","ip":"::1","post_keys":["hak_akses","csrf_token","kode_sekolah","username","password"],"username":"admin","password_length":5,"hak_akses":"auto"}
{"msg":"admin_check","username":"admin","admin_found":true,"admin_password_hash":"827ccb0eea8a706c4c34","password_verify_result":true}
{"msg":"admin_login_success","username":"admin"}
{"timestamp":"2026-06-24 23:55:21","ip":"::1","post_keys":["hak_akses","csrf_token","kode_sekolah","username","password"],"username":"197707012022211004","password_length":5,"hak_akses":"auto"}
{"msg":"admin_check","username":"197707012022211004","admin_found":false,"admin_password_hash":"N\/A"}
{"msg":"guru_check","username":"197707012022211004","guru_found":true,"guru_password_hash":"827ccb0eea8a706c4c34","guru_status":"N\/A","password_verify_result":true,"password_empty_check":false}
{"msg":"guru_login_success","username":"197707012022211004"}
{"timestamp":"2026-06-24 23:56:30","ip":"::1","post_keys":["hak_akses","csrf_token","kode_sekolah","username","password"],"username":"199303012022211013","password_length":5,"hak_akses":"auto"}
{"msg":"admin_check","username":"199303012022211013","admin_found":false,"admin_password_hash":"N\/A"}
{"msg":"guru_check","username":"199303012022211013","guru_found":true,"guru_password_hash":"827ccb0eea8a706c4c34","guru_status":"N\/A","password_verify_result":true,"password_empty_check":false}
{"msg":"guru_login_success","username":"199303012022211013"}
{"timestamp":"2026-06-25 00:13:48","ip":"::1","post_keys":["hak_akses","csrf_token","kode_sekolah","username","password"],"username":"5607","password_length":4,"hak_akses":"auto"}
{"msg":"admin_check","username":"5607","admin_found":false,"admin_password_hash":"N\/A"}
[login_action] get_guru_user: No user found for 5607 with status Aktif (Query: SELECT g.no_induk, g.nama_guru, g.status_kepegawaian, p.password , g.id_sekolah , COALESCE(sk.kode_sekolah, 'DEFAULT') AS kode_sekolah
			FROM tbl_guru g 
			JOIN tbl_pengguna p ON g.no_induk = p.no_induk 
			 LEFT JOIN tbl_sekolah sk ON sk.id_sekolah=g.id_sekolah
			WHERE p.no_induk = '5607' AND g.status = 'Aktif' AND g.id_sekolah=1 LIMIT 1)
{"msg":"guru_check","username":"5607","guru_found":false,"guru_password_hash":"N\/A","guru_status":"N\/A"}
{"msg":"siswa_check","username":"5607","siswa_found":true,"siswa_password_hash":"96bf57c6ff19504ff145","siswa_status":"N\/A","password_verify_result":true}
{"msg":"siswa_login_success","username":"5607"}
{"timestamp":"2026-06-25 00:16:02","ip":"::1","post_keys":["hak_akses","csrf_token","kode_sekolah","username","password"],"username":"199303012022211013","password_length":5,"hak_akses":"auto"}
{"msg":"admin_check","username":"199303012022211013","admin_found":false,"admin_password_hash":"N\/A"}
{"msg":"guru_check","username":"199303012022211013","guru_found":true,"guru_password_hash":"827ccb0eea8a706c4c34","guru_status":"N\/A","password_verify_result":true,"password_empty_check":false}
{"msg":"guru_login_success","username":"199303012022211013"}
{"timestamp":"2026-06-25 00:16:25","ip":"::1","post_keys":["hak_akses","csrf_token","kode_sekolah","username","password"],"username":"05612","password_length":5,"hak_akses":"auto"}
{"msg":"admin_check","username":"05612","admin_found":false,"admin_password_hash":"N\/A"}
[login_action] get_guru_user: No user found for 05612 with status Aktif (Query: SELECT g.no_induk, g.nama_guru, g.status_kepegawaian, p.password , g.id_sekolah , COALESCE(sk.kode_sekolah, 'DEFAULT') AS kode_sekolah
			FROM tbl_guru g 
			JOIN tbl_pengguna p ON g.no_induk = p.no_induk 
			 LEFT JOIN tbl_sekolah sk ON sk.id_sekolah=g.id_sekolah
			WHERE p.no_induk = '05612' AND g.status = 'Aktif' AND g.id_sekolah=1 LIMIT 1)
{"msg":"guru_check","username":"05612","guru_found":false,"guru_password_hash":"N\/A","guru_status":"N\/A"}
{"msg":"siswa_check","username":"05612","siswa_found":true,"siswa_password_hash":"4f777e00945ef4ec1675","siswa_status":"N\/A","password_verify_result":true}
{"msg":"siswa_login_success","username":"05612"}
{"timestamp":"2026-06-25 00:17:11","ip":"::1","post_keys":["hak_akses","csrf_token","kode_sekolah","username","password"],"username":"199303012022211013","password_length":5,"hak_akses":"auto"}
{"msg":"admin_check","username":"199303012022211013","admin_found":false,"admin_password_hash":"N\/A"}
{"msg":"guru_check","username":"199303012022211013","guru_found":true,"guru_password_hash":"827ccb0eea8a706c4c34","guru_status":"N\/A","password_verify_result":true,"password_empty_check":false}
{"msg":"guru_login_success","username":"199303012022211013"}
{"timestamp":"2026-06-25 00:24:22","ip":"::1","post_keys":["hak_akses","csrf_token","kode_sekolah","username","password"],"username":"05612","password_length":5,"hak_akses":"auto"}
{"msg":"admin_check","username":"05612","admin_found":false,"admin_password_hash":"N\/A"}
[login_action] get_guru_user: No user found for 05612 with status Aktif (Query: SELECT g.no_induk, g.nama_guru, g.status_kepegawaian, p.password , g.id_sekolah , COALESCE(sk.kode_sekolah, 'DEFAULT') AS kode_sekolah
			FROM tbl_guru g 
			JOIN tbl_pengguna p ON g.no_induk = p.no_induk 
			 LEFT JOIN tbl_sekolah sk ON sk.id_sekolah=g.id_sekolah
			WHERE p.no_induk = '05612' AND g.status = 'Aktif' AND g.id_sekolah=1 LIMIT 1)
{"msg":"guru_check","username":"05612","guru_found":false,"guru_password_hash":"N\/A","guru_status":"N\/A"}
{"msg":"siswa_check","username":"05612","siswa_found":true,"siswa_password_hash":"4f777e00945ef4ec1675","siswa_status":"N\/A","password_verify_result":true}
{"msg":"siswa_login_success","username":"05612"}
{"timestamp":"2026-06-25 00:25:06","ip":"::1","post_keys":["hak_akses","csrf_token","kode_sekolah","username","password"],"username":"199303012022211013","password_length":5,"hak_akses":"auto"}
{"msg":"admin_check","username":"199303012022211013","admin_found":false,"admin_password_hash":"N\/A"}
{"msg":"guru_check","username":"199303012022211013","guru_found":true,"guru_password_hash":"827ccb0eea8a706c4c34","guru_status":"N\/A","password_verify_result":true,"password_empty_check":false}
{"msg":"guru_login_success","username":"199303012022211013"}
{"timestamp":"2026-06-25 07:22:34","ip":"::1","post_keys":["hak_akses","csrf_token","kode_sekolah","username","password"],"username":"199303012022211013","password_length":8,"hak_akses":"auto"}
{"msg":"admin_check","username":"199303012022211013","admin_found":false,"admin_password_hash":"N\/A"}
{"msg":"guru_check","username":"199303012022211013","guru_found":true,"guru_password_hash":"827ccb0eea8a706c4c34","guru_status":"N\/A","password_verify_result":false,"password_empty_check":false}
{"msg":"siswa_check","username":"199303012022211013","siswa_found":false,"siswa_password_hash":"N\/A","siswa_status":"N\/A"}
{"msg":"auto_login_failed","username":"199303012022211013","timestamp":"2026-06-25 07:22:34"}
{"timestamp":"2026-06-25 07:22:39","ip":"::1","post_keys":["hak_akses","csrf_token","kode_sekolah","username","password"],"username":"admin","password_length":8,"hak_akses":"auto"}
{"msg":"admin_check","username":"admin","admin_found":true,"admin_password_hash":"827ccb0eea8a706c4c34","password_verify_result":false}
[login_action] get_guru_user: No user found for admin with status Aktif (Query: SELECT g.no_induk, g.nama_guru, g.status_kepegawaian, p.password , g.id_sekolah , COALESCE(sk.kode_sekolah, 'DEFAULT') AS kode_sekolah
			FROM tbl_guru g 
			JOIN tbl_pengguna p ON g.no_induk = p.no_induk 
			 LEFT JOIN tbl_sekolah sk ON sk.id_sekolah=g.id_sekolah
			WHERE p.no_induk = 'admin' AND g.status = 'Aktif' AND g.id_sekolah=1 LIMIT 1)
{"msg":"guru_check","username":"admin","guru_found":false,"guru_password_hash":"N\/A","guru_status":"N\/A"}
{"msg":"siswa_check","username":"admin","siswa_found":false,"siswa_password_hash":"N\/A","siswa_status":"N\/A"}
{"msg":"auto_login_failed","username":"admin","timestamp":"2026-06-25 07:22:39"}
{"timestamp":"2026-06-25 07:23:05","ip":"::1","post_keys":["hak_akses","csrf_token","kode_sekolah","username","password"],"username":"199303012022211013","password_length":5,"hak_akses":"auto"}
{"msg":"admin_check","username":"199303012022211013","admin_found":false,"admin_password_hash":"N\/A"}
{"msg":"guru_check","username":"199303012022211013","guru_found":true,"guru_password_hash":"827ccb0eea8a706c4c34","guru_status":"N\/A","password_verify_result":true,"password_empty_check":false}
{"msg":"guru_login_success","username":"199303012022211013"}
{"timestamp":"2026-06-25 07:32:59","ip":"::1","post_keys":["hak_akses","csrf_token","kode_sekolah","username","password"],"username":"admin","password_length":5,"hak_akses":"auto"}
{"msg":"admin_check","username":"admin","admin_found":true,"admin_password_hash":"827ccb0eea8a706c4c34","password_verify_result":true}
{"msg":"admin_login_success","username":"admin"}
{"timestamp":"2026-06-25 07:34:08","ip":"::1","post_keys":["hak_akses","csrf_token","kode_sekolah","username","password"],"username":"198605052022211027","password_length":5,"hak_akses":"auto"}
{"msg":"admin_check","username":"198605052022211027","admin_found":false,"admin_password_hash":"N\/A"}
{"msg":"guru_check","username":"198605052022211027","guru_found":true,"guru_password_hash":"827ccb0eea8a706c4c34","guru_status":"N\/A","password_verify_result":true,"password_empty_check":false}
{"msg":"guru_login_success","username":"198605052022211027"}
{"timestamp":"2026-06-25 07:34:58","ip":"::1","post_keys":["hak_akses","csrf_token","kode_sekolah","username","password"],"username":"admin","password_length":5,"hak_akses":"auto"}
{"msg":"admin_check","username":"admin","admin_found":true,"admin_password_hash":"827ccb0eea8a706c4c34","password_verify_result":true}
{"msg":"admin_login_success","username":"admin"}
{"timestamp":"2026-06-25 07:35:46","ip":"::1","post_keys":["hak_akses","csrf_token","kode_sekolah","username","password"],"username":"05612","password_length":5,"hak_akses":"auto"}
{"msg":"admin_check","username":"05612","admin_found":false,"admin_password_hash":"N\/A"}
[login_action] get_guru_user: No user found for 05612 with status Aktif (Query: SELECT g.no_induk, g.nama_guru, g.status_kepegawaian, p.password , g.id_sekolah , COALESCE(sk.kode_sekolah, 'DEFAULT') AS kode_sekolah
			FROM tbl_guru g 
			JOIN tbl_pengguna p ON g.no_induk = p.no_induk 
			 LEFT JOIN tbl_sekolah sk ON sk.id_sekolah=g.id_sekolah
			WHERE p.no_induk = '05612' AND g.status = 'Aktif' AND g.id_sekolah=1 LIMIT 1)
{"msg":"guru_check","username":"05612","guru_found":false,"guru_password_hash":"N\/A","guru_status":"N\/A"}
{"msg":"siswa_check","username":"05612","siswa_found":true,"siswa_password_hash":"4f777e00945ef4ec1675","siswa_status":"N\/A","password_verify_result":true}
{"msg":"siswa_login_success","username":"05612"}
{"timestamp":"2026-06-25 12:56:49","ip":"::1","post_keys":["hak_akses","csrf_token","kode_sekolah","username","password"],"username":"199303012022211013","password_length":5,"hak_akses":"auto"}
{"msg":"admin_check","username":"199303012022211013","admin_found":false,"admin_password_hash":"N\/A"}
{"msg":"guru_check","username":"199303012022211013","guru_found":true,"guru_password_hash":"827ccb0eea8a706c4c34","guru_status":"N\/A","password_verify_result":true,"password_empty_check":false}
{"msg":"guru_login_success","username":"199303012022211013"}
{"timestamp":"2026-06-25 12:58:00","ip":"::1","post_keys":["hak_akses","csrf_token","kode_sekolah","username","password"],"username":"05405","password_length":5,"hak_akses":"auto"}
{"msg":"admin_check","username":"05405","admin_found":false,"admin_password_hash":"N\/A"}
[login_action] get_guru_user: No user found for 05405 with status Aktif (Query: SELECT g.no_induk, g.nama_guru, g.status_kepegawaian, p.password , g.id_sekolah , COALESCE(sk.kode_sekolah, 'DEFAULT') AS kode_sekolah
			FROM tbl_guru g 
			JOIN tbl_pengguna p ON g.no_induk = p.no_induk 
			 LEFT JOIN tbl_sekolah sk ON sk.id_sekolah=g.id_sekolah
			WHERE p.no_induk = '05405' AND g.status = 'Aktif' AND g.id_sekolah=1 LIMIT 1)
{"msg":"guru_check","username":"05405","guru_found":false,"guru_password_hash":"N\/A","guru_status":"N\/A"}
{"msg":"siswa_check","username":"05405","siswa_found":true,"siswa_password_hash":"cd97263c56b3608c8858","siswa_status":"N\/A","password_verify_result":true}
{"msg":"siswa_login_success","username":"05405"}
{"timestamp":"2026-06-25 13:00:09","ip":"::1","post_keys":["hak_akses","csrf_token","kode_sekolah","username","password"],"username":"199303012022211013","password_length":5,"hak_akses":"auto"}
{"msg":"admin_check","username":"199303012022211013","admin_found":false,"admin_password_hash":"N\/A"}
{"msg":"guru_check","username":"199303012022211013","guru_found":true,"guru_password_hash":"827ccb0eea8a706c4c34","guru_status":"N\/A","password_verify_result":true,"password_empty_check":false}
{"msg":"guru_login_success","username":"199303012022211013"}
{"timestamp":"2026-06-25 13:01:35","ip":"::1","post_keys":["hak_akses","csrf_token","kode_sekolah","username","password"],"username":"05405","password_length":5,"hak_akses":"auto"}
{"msg":"admin_check","username":"05405","admin_found":false,"admin_password_hash":"N\/A"}
[login_action] get_guru_user: No user found for 05405 with status Aktif (Query: SELECT g.no_induk, g.nama_guru, g.status_kepegawaian, p.password , g.id_sekolah , COALESCE(sk.kode_sekolah, 'DEFAULT') AS kode_sekolah
			FROM tbl_guru g 
			JOIN tbl_pengguna p ON g.no_induk = p.no_induk 
			 LEFT JOIN tbl_sekolah sk ON sk.id_sekolah=g.id_sekolah
			WHERE p.no_induk = '05405' AND g.status = 'Aktif' AND g.id_sekolah=1 LIMIT 1)
{"msg":"guru_check","username":"05405","guru_found":false,"guru_password_hash":"N\/A","guru_status":"N\/A"}
{"msg":"siswa_check","username":"05405","siswa_found":true,"siswa_password_hash":"cd97263c56b3608c8858","siswa_status":"N\/A","password_verify_result":false}
{"msg":"auto_login_failed","username":"05405","timestamp":"2026-06-25 13:01:35"}
{"timestamp":"2026-06-25 13:01:44","ip":"::1","post_keys":["hak_akses","csrf_token","kode_sekolah","username","password"],"username":"05405","password_length":5,"hak_akses":"auto"}
{"msg":"admin_check","username":"05405","admin_found":false,"admin_password_hash":"N\/A"}
[login_action] get_guru_user: No user found for 05405 with status Aktif (Query: SELECT g.no_induk, g.nama_guru, g.status_kepegawaian, p.password , g.id_sekolah , COALESCE(sk.kode_sekolah, 'DEFAULT') AS kode_sekolah
			FROM tbl_guru g 
			JOIN tbl_pengguna p ON g.no_induk = p.no_induk 
			 LEFT JOIN tbl_sekolah sk ON sk.id_sekolah=g.id_sekolah
			WHERE p.no_induk = '05405' AND g.status = 'Aktif' AND g.id_sekolah=1 LIMIT 1)
{"msg":"guru_check","username":"05405","guru_found":false,"guru_password_hash":"N\/A","guru_status":"N\/A"}
{"msg":"siswa_check","username":"05405","siswa_found":true,"siswa_password_hash":"cd97263c56b3608c8858","siswa_status":"N\/A","password_verify_result":true}
{"msg":"siswa_login_success","username":"05405"}
{"timestamp":"2026-06-25 13:25:54","ip":"::1","post_keys":["hak_akses","csrf_token","kode_sekolah","username","password"],"username":"199303012022211013","password_length":5,"hak_akses":"auto"}
{"msg":"admin_check","username":"199303012022211013","admin_found":false,"admin_password_hash":"N\/A"}
{"msg":"guru_check","username":"199303012022211013","guru_found":true,"guru_password_hash":"827ccb0eea8a706c4c34","guru_status":"N\/A","password_verify_result":true,"password_empty_check":false}
{"msg":"guru_login_success","username":"199303012022211013"}
{"timestamp":"2026-06-26 14:02:31","ip":"::1","post_keys":["hak_akses","csrf_token","kode_sekolah","username","password"],"username":"admin","password_length":5,"hak_akses":"auto"}
{"error":"database_unavailable","timestamp":"2026-06-26 14:02:31","username":"admin","mysqli_loaded":false}
{"timestamp":"2026-06-26 14:03:00","ip":"::1","post_keys":["hak_akses","csrf_token","kode_sekolah","username","password"],"username":"admin","password_length":5,"hak_akses":"auto"}
{"error":"database_unavailable","timestamp":"2026-06-26 14:03:00","username":"admin","mysqli_loaded":false}
{"timestamp":"2026-06-26 14:03:01","ip":"::1","post_keys":["hak_akses","csrf_token","kode_sekolah","username","password"],"username":"admin","password_length":5,"hak_akses":"auto"}
{"error":"database_unavailable","timestamp":"2026-06-26 14:03:01","username":"admin","mysqli_loaded":false}
{"timestamp":"2026-06-26 14:03:02","ip":"::1","post_keys":["hak_akses","csrf_token","kode_sekolah","username","password"],"username":"admin","password_length":5,"hak_akses":"auto"}
{"error":"database_unavailable","timestamp":"2026-06-26 14:03:02","username":"admin","mysqli_loaded":false}
{"timestamp":"2026-06-26 14:03:02","ip":"::1","post_keys":["hak_akses","csrf_token","kode_sekolah","username","password"],"username":"admin","password_length":5,"hak_akses":"auto"}
{"error":"database_unavailable","timestamp":"2026-06-26 14:03:02","username":"admin","mysqli_loaded":false}
{"timestamp":"2026-06-26 14:03:03","ip":"::1","post_keys":["hak_akses","csrf_token","kode_sekolah","username","password"],"username":"admin","password_length":5,"hak_akses":"auto"}
{"error":"database_unavailable","timestamp":"2026-06-26 14:03:03","username":"admin","mysqli_loaded":false}
{"timestamp":"2026-06-26 14:03:03","ip":"::1","post_keys":["hak_akses","csrf_token","kode_sekolah","username","password"],"username":"admin","password_length":5,"hak_akses":"auto"}
{"error":"database_unavailable","timestamp":"2026-06-26 14:03:03","username":"admin","mysqli_loaded":false}
{"timestamp":"2026-06-26 14:03:05","ip":"::1","post_keys":["hak_akses","csrf_token","kode_sekolah","username","password"],"username":"admin","password_length":5,"hak_akses":"auto"}
{"error":"database_unavailable","timestamp":"2026-06-26 14:03:05","username":"admin","mysqli_loaded":false}
{"timestamp":"2026-06-26 14:03:05","ip":"::1","post_keys":["hak_akses","csrf_token","kode_sekolah","username","password"],"username":"admin","password_length":5,"hak_akses":"auto"}
{"error":"database_unavailable","timestamp":"2026-06-26 14:03:05","username":"admin","mysqli_loaded":false}
{"timestamp":"2026-06-26 14:03:06","ip":"::1","post_keys":["hak_akses","csrf_token","kode_sekolah","username","password"],"username":"admin","password_length":5,"hak_akses":"auto"}
{"error":"database_unavailable","timestamp":"2026-06-26 14:03:06","username":"admin","mysqli_loaded":false}
{"timestamp":"2026-06-26 14:03:06","ip":"::1","post_keys":["hak_akses","csrf_token","kode_sekolah","username","password"],"username":"admin","password_length":5,"hak_akses":"auto"}
{"error":"database_unavailable","timestamp":"2026-06-26 14:03:06","username":"admin","mysqli_loaded":false}
{"timestamp":"2026-06-26 14:03:06","ip":"::1","post_keys":["hak_akses","csrf_token","kode_sekolah","username","password"],"username":"admin","password_length":5,"hak_akses":"auto"}
{"error":"database_unavailable","timestamp":"2026-06-26 14:03:06","username":"admin","mysqli_loaded":false}
{"timestamp":"2026-06-26 14:04:07","ip":"::1","post_keys":["hak_akses","csrf_token","kode_sekolah","username","password"],"username":"admin","password_length":5,"hak_akses":"auto"}
{"error":"database_unavailable","timestamp":"2026-06-26 14:04:07","username":"admin","mysqli_loaded":false}
{"timestamp":"2026-06-26 14:12:52","ip":"::1","post_keys":["hak_akses","csrf_token","kode_sekolah","username","password"],"username":"admin","password_length":5,"hak_akses":"auto"}
{"error":"database_unavailable","timestamp":"2026-06-26 14:12:52","username":"admin","mysqli_loaded":false}
{"timestamp":"2026-06-27 08:06:03","ip":"::1","post_keys":["hak_akses","csrf_token","kode_sekolah","username","password"],"username":"199408052022212011","password_length":5,"hak_akses":"auto"}
{"error":"database_unavailable","timestamp":"2026-06-27 08:06:03","username":"199408052022212011","mysqli_loaded":false}
{"timestamp":"2026-06-27 08:06:34","ip":"::1","post_keys":["hak_akses","csrf_token","kode_sekolah","username","password"],"username":"199408052022212011","password_length":5,"hak_akses":"auto"}
{"error":"database_unavailable","timestamp":"2026-06-27 08:06:34","username":"199408052022212011","mysqli_loaded":false}
{"timestamp":"2026-06-27 08:06:40","ip":"::1","post_keys":["hak_akses","csrf_token","kode_sekolah","username","password"],"username":"199408052022212011","password_length":5,"hak_akses":"auto"}
{"error":"database_unavailable","timestamp":"2026-06-27 08:06:40","username":"199408052022212011","mysqli_loaded":false}
{"timestamp":"2026-06-27 08:29:14","ip":"::1","post_keys":["hak_akses","csrf_token","kode_sekolah","username","password"],"username":"199408052022212011","password_length":5,"hak_akses":"auto"}
{"error":"database_unavailable","timestamp":"2026-06-27 08:29:14","username":"199408052022212011","mysqli_loaded":false}
{"timestamp":"2026-06-27 08:29:33","ip":"::1","post_keys":["hak_akses","csrf_token","kode_sekolah","username","password"],"username":"199303012022211013","password_length":5,"hak_akses":"auto"}
{"error":"database_unavailable","timestamp":"2026-06-27 08:29:33","username":"199303012022211013","mysqli_loaded":false}
{"timestamp":"2026-06-27 08:29:34","ip":"::1","post_keys":["hak_akses","csrf_token","kode_sekolah","username","password"],"username":"199408052022212011","password_length":5,"hak_akses":"auto"}
{"error":"database_unavailable","timestamp":"2026-06-27 08:29:34","username":"199408052022212011","mysqli_loaded":false}
{"timestamp":"2026-06-27 08:29:35","ip":"::1","post_keys":["hak_akses","csrf_token","kode_sekolah","username","password"],"username":"199408052022212011","password_length":5,"hak_akses":"auto"}
{"error":"database_unavailable","timestamp":"2026-06-27 08:29:35","username":"199408052022212011","mysqli_loaded":false}
{"timestamp":"2026-06-27 08:29:35","ip":"::1","post_keys":["hak_akses","csrf_token","kode_sekolah","username","password"],"username":"199408052022212011","password_length":5,"hak_akses":"auto"}
{"error":"database_unavailable","timestamp":"2026-06-27 08:29:35","username":"199408052022212011","mysqli_loaded":false}
{"timestamp":"2026-06-27 08:29:35","ip":"::1","post_keys":["hak_akses","csrf_token","kode_sekolah","username","password"],"username":"199408052022212011","password_length":5,"hak_akses":"auto"}
{"error":"database_unavailable","timestamp":"2026-06-27 08:29:35","username":"199408052022212011","mysqli_loaded":false}
{"timestamp":"2026-06-27 08:29:36","ip":"::1","post_keys":["hak_akses","csrf_token","kode_sekolah","username","password"],"username":"199408052022212011","password_length":5,"hak_akses":"auto"}
{"error":"database_unavailable","timestamp":"2026-06-27 08:29:36","username":"199408052022212011","mysqli_loaded":false}
{"timestamp":"2026-06-27 08:31:28","ip":"::1","post_keys":["hak_akses","csrf_token","kode_sekolah","username","password"],"username":"199408052022212011","password_length":5,"hak_akses":"auto"}
{"error":"database_unavailable","timestamp":"2026-06-27 08:31:28","username":"199408052022212011","mysqli_loaded":false}
{"timestamp":"2026-06-27 08:31:29","ip":"::1","post_keys":["hak_akses","csrf_token","kode_sekolah","username","password"],"username":"199408052022212011","password_length":5,"hak_akses":"auto"}
{"error":"database_unavailable","timestamp":"2026-06-27 08:31:29","username":"199408052022212011","mysqli_loaded":false}
{"timestamp":"2026-06-27 08:31:30","ip":"::1","post_keys":["hak_akses","csrf_token","kode_sekolah","username","password"],"username":"199408052022212011","password_length":5,"hak_akses":"auto"}
{"error":"database_unavailable","timestamp":"2026-06-27 08:31:30","username":"199408052022212011","mysqli_loaded":false}
{"timestamp":"2026-06-27 08:31:30","ip":"::1","post_keys":["hak_akses","csrf_token","kode_sekolah","username","password"],"username":"199408052022212011","password_length":5,"hak_akses":"auto"}
{"error":"database_unavailable","timestamp":"2026-06-27 08:31:30","username":"199408052022212011","mysqli_loaded":false}
{"timestamp":"2026-06-27 08:31:31","ip":"::1","post_keys":["hak_akses","csrf_token","kode_sekolah","username","password"],"username":"199408052022212011","password_length":5,"hak_akses":"auto"}
{"error":"database_unavailable","timestamp":"2026-06-27 08:31:31","username":"199408052022212011","mysqli_loaded":false}
{"timestamp":"2026-06-27 15:36:43","ip":"::1","post_keys":["hak_akses","csrf_token","kode_sekolah","username","password"],"username":"199303012022211013","password_length":5,"hak_akses":"auto"}
{"msg":"admin_check","username":"199303012022211013","admin_found":false,"admin_password_hash":"N\/A"}
{"msg":"guru_check","username":"199303012022211013","guru_found":true,"guru_password_hash":"827ccb0eea8a706c4c34","guru_status":"N\/A","password_verify_result":true,"password_empty_check":false}
{"msg":"guru_login_success","username":"199303012022211013"}
{"timestamp":"2026-06-27 16:39:52","ip":"::1","post_keys":["hak_akses","csrf_token","kode_sekolah","username","password"],"username":"admin","password_length":5,"hak_akses":"auto"}
{"msg":"admin_check","username":"admin","admin_found":true,"admin_password_hash":"827ccb0eea8a706c4c34","password_verify_result":true}
{"msg":"admin_login_success","username":"admin"}
{"timestamp":"2026-06-27 16:41:19","ip":"::1","post_keys":["hak_akses","csrf_token","kode_sekolah","username","password"],"username":"199303012022211013","password_length":5,"hak_akses":"auto"}
{"msg":"admin_check","username":"199303012022211013","admin_found":false,"admin_password_hash":"N\/A"}
{"msg":"guru_check","username":"199303012022211013","guru_found":true,"guru_password_hash":"827ccb0eea8a706c4c34","guru_status":"N\/A","password_verify_result":true,"password_empty_check":false}
{"msg":"guru_login_success","username":"199303012022211013"}
{"timestamp":"2026-06-27 19:14:38","ip":"::1","post_keys":["hak_akses","csrf_token","kode_sekolah","username","password"],"username":"adminADMIN'OR1=1limit1--+","password_length":5,"hak_akses":"auto"}
{"msg":"admin_check","username":"adminADMIN&#039;OR1=1limit1--+","admin_found":false,"admin_password_hash":"N\/A"}
[login_action] get_guru_user: No user found for adminADMIN&#039;OR1=1limit1--+ with status Aktif (Query: SELECT g.no_induk, g.nama_guru, g.status_kepegawaian, p.password , g.id_sekolah , COALESCE(sk.kode_sekolah, 'DEFAULT') AS kode_sekolah
			FROM tbl_guru g 
			JOIN tbl_pengguna p ON g.no_induk = p.no_induk 
			 LEFT JOIN tbl_sekolah sk ON sk.id_sekolah=g.id_sekolah
			WHERE p.no_induk = 'adminADMIN&#039;OR1=1limit1--+' AND g.status = 'Aktif' AND g.id_sekolah=1 LIMIT 1)
{"msg":"guru_check","username":"adminADMIN&#039;OR1=1limit1--+","guru_found":false,"guru_password_hash":"N\/A","guru_status":"N\/A"}
{"msg":"siswa_check","username":"adminADMIN&#039;OR1=1limit1--+","siswa_found":false,"siswa_password_hash":"N\/A","siswa_status":"N\/A"}
{"msg":"auto_login_failed","username":"adminADMIN&#039;OR1=1limit1--+","timestamp":"2026-06-27 19:14:38"}
{"timestamp":"2026-06-27 19:14:49","ip":"::1","post_keys":["hak_akses","csrf_token","kode_sekolah","username","password"],"username":"199303012022211013","password_length":5,"hak_akses":"auto"}
{"msg":"admin_check","username":"199303012022211013","admin_found":false,"admin_password_hash":"N\/A"}
{"msg":"guru_check","username":"199303012022211013","guru_found":true,"guru_password_hash":"827ccb0eea8a706c4c34","guru_status":"N\/A","password_verify_result":true,"password_empty_check":false}
{"msg":"guru_login_success","username":"199303012022211013"}
{"timestamp":"2026-06-27 20:47:59","ip":"::1","post_keys":["hak_akses","csrf_token","kode_sekolah","username","password"],"username":"198808072022211011","password_length":5,"hak_akses":"auto"}
{"msg":"admin_check","username":"198808072022211011","admin_found":false,"admin_password_hash":"N\/A"}
{"msg":"guru_check","username":"198808072022211011","guru_found":true,"guru_password_hash":"827ccb0eea8a706c4c34","guru_status":"N\/A","password_verify_result":false,"password_empty_check":false}
{"msg":"siswa_check","username":"198808072022211011","siswa_found":false,"siswa_password_hash":"N\/A","siswa_status":"N\/A"}
{"msg":"auto_login_failed","username":"198808072022211011","timestamp":"2026-06-27 20:47:59"}
{"timestamp":"2026-06-27 20:48:07","ip":"::1","post_keys":["hak_akses","csrf_token","kode_sekolah","username","password"],"username":"198808072022211011","password_length":5,"hak_akses":"auto"}
{"msg":"admin_check","username":"198808072022211011","admin_found":false,"admin_password_hash":"N\/A"}
{"msg":"guru_check","username":"198808072022211011","guru_found":true,"guru_password_hash":"827ccb0eea8a706c4c34","guru_status":"N\/A","password_verify_result":true,"password_empty_check":false}
{"msg":"guru_login_success","username":"198808072022211011"}
[koneksi_local.php] Connection failed: The requested address is not valid in its context (Tried hosts: 127.0.0.1, localhost, ::1, User: root, DB: sijurnal, Port: 3306)
{"timestamp":"2026-07-14 07:51:01","ip":"unknown","post_keys":[],"username":"MISSING","password_length":0,"hak_akses":"MISSING"}
{"error":"csrf_mismatch","timestamp":"2026-07-14 07:51:01","session_token":"NOT_SET","post_token":""}
